EN clockmanager NULL D:/EletronicaProgravavel/thematch/ClockManager.vhd sub00/vhpl04 1608493827
EN vga_sync NULL D:/EletronicaProgravavel/thematch/list_ch12_01_vga_sync.vhd sub00/vhpl06 1608493829
AR ps2_rx arch D:/EletronicaProgravavel/thematch/ps2_rx.vhd sub00/vhpl01 1608493824
AR kb_code arch D:/EletronicaProgravavel/thematch/kb_code.vhd sub00/vhpl11 1608493834
EN ps2_rx NULL D:/EletronicaProgravavel/thematch/ps2_rx.vhd sub00/vhpl00 1608493823
EN pong_graph NULL D:/EletronicaProgravavel/thematch/list_ch13_07_pong_graph.vhd sub00/vhpl12 1608493835
AR m100_counter arch D:/EletronicaProgravavel/thematch/list_ch13_08_pong_counter.vhd sub00/vhpl17 1608493840
AR clockmanager behavioral D:/EletronicaProgravavel/thematch/ClockManager.vhd sub00/vhpl05 1608493828
AR pong_top arch D:/EletronicaProgravavel/thematch/list_ch13_10_pong_top.vhd sub00/vhpl19 1608493842
EN kb_code NULL D:/EletronicaProgravavel/thematch/kb_code.vhd sub00/vhpl10 1608493833
EN pong_text NULL D:/EletronicaProgravavel/thematch/list_ch13_06_pong_text.vhd sub00/vhpl08 1608493831
AR font_rom arch D:/EletronicaProgravavel/thematch/list_ch13_01_font_rom.vhd sub00/vhpl03 1608493826
EN font_rom NULL D:/EletronicaProgravavel/thematch/list_ch13_01_font_rom.vhd sub00/vhpl02 1608493825
EN m100_counter NULL D:/EletronicaProgravavel/thematch/list_ch13_08_pong_counter.vhd sub00/vhpl16 1608493839
AR vga_sync arch D:/EletronicaProgravavel/thematch/list_ch12_01_vga_sync.vhd sub00/vhpl07 1608493830
EN pong_top NULL D:/EletronicaProgravavel/thematch/list_ch13_10_pong_top.vhd sub00/vhpl18 1608493841
AR timer arch D:/EletronicaProgravavel/thematch/list_ch13_09_pong_timer.vhd sub00/vhpl15 1608493838
AR pong_graph arch D:/EletronicaProgravavel/thematch/list_ch13_07_pong_graph.vhd sub00/vhpl13 1608493836
AR pong_text arch D:/EletronicaProgravavel/thematch/list_ch13_06_pong_text.vhd sub00/vhpl09 1608493832
EN timer NULL D:/EletronicaProgravavel/thematch/list_ch13_09_pong_timer.vhd sub00/vhpl14 1608493837
