EN clockmanager NULL D:/EletronicaProgravavel/pong_game_basys2/pong_game_basys2/ClockManager.vhd sub00/vhpl02 1608153555
EN vga_sync NULL D:/EletronicaProgravavel/pong_game_basys2/pong_game_basys2/list_ch12_01_vga_sync.vhd sub00/vhpl04 1608153557
EN pong_graph NULL D:/EletronicaProgravavel/pong_game_basys2/pong_game_basys2/list_ch13_07_pong_graph.vhd sub00/vhpl08 1608153561
AR m100_counter arch D:/EletronicaProgravavel/pong_game_basys2/pong_game_basys2/list_ch13_08_pong_counter.vhd sub00/vhpl13 1608153566
AR clockmanager behavioral D:/EletronicaProgravavel/pong_game_basys2/pong_game_basys2/ClockManager.vhd sub00/vhpl03 1608153556
AR pong_top arch D:/EletronicaProgravavel/pong_game_basys2/pong_game_basys2/list_ch13_10_pong_top.vhd sub00/vhpl15 1608153568
EN pong_text NULL D:/EletronicaProgravavel/pong_game_basys2/pong_game_basys2/list_ch13_06_pong_text.vhd sub00/vhpl06 1608153559
AR font_rom arch D:/EletronicaProgravavel/pong_game_basys2/pong_game_basys2/list_ch13_01_font_rom.vhd sub00/vhpl01 1608153554
EN font_rom NULL D:/EletronicaProgravavel/pong_game_basys2/pong_game_basys2/list_ch13_01_font_rom.vhd sub00/vhpl00 1608153553
EN m100_counter NULL D:/EletronicaProgravavel/pong_game_basys2/pong_game_basys2/list_ch13_08_pong_counter.vhd sub00/vhpl12 1608153565
AR vga_sync arch D:/EletronicaProgravavel/pong_game_basys2/pong_game_basys2/list_ch12_01_vga_sync.vhd sub00/vhpl05 1608153558
EN pong_top NULL D:/EletronicaProgravavel/pong_game_basys2/pong_game_basys2/list_ch13_10_pong_top.vhd sub00/vhpl14 1608153567
AR timer arch D:/EletronicaProgravavel/pong_game_basys2/pong_game_basys2/list_ch13_09_pong_timer.vhd sub00/vhpl11 1608153564
AR pong_graph arch D:/EletronicaProgravavel/pong_game_basys2/pong_game_basys2/list_ch13_07_pong_graph.vhd sub00/vhpl09 1608153562
AR pong_text arch D:/EletronicaProgravavel/pong_game_basys2/pong_game_basys2/list_ch13_06_pong_text.vhd sub00/vhpl07 1608153560
EN timer NULL D:/EletronicaProgravavel/pong_game_basys2/pong_game_basys2/list_ch13_09_pong_timer.vhd sub00/vhpl10 1608153563
