EN clockmanager NULL D:/EletronicaProgravavel/pong_game_basys2/pong_game_basys2/ClockManager.vhd sub00/vhpl04 1608291300
EN vga_sync NULL D:/EletronicaProgravavel/pong_game_basys2/pong_game_basys2/list_ch12_01_vga_sync.vhd sub00/vhpl06 1608291302
AR ps2_rx arch D:/EletronicaProgravavel/Projecto_BOX/EletronicaProgramavel/two_players/ps2_rx.vhd sub00/vhpl01 1608291297
AR kb_code arch D:/EletronicaProgravavel/Projecto_BOX/EletronicaProgramavel/two_players/kb_code.vhd sub00/vhpl11 1608291307
EN ps2_rx NULL D:/EletronicaProgravavel/Projecto_BOX/EletronicaProgramavel/two_players/ps2_rx.vhd sub00/vhpl00 1608291296
EN pong_graph NULL D:/EletronicaProgravavel/pong_game_basys2/pong_game_basys2/list_ch13_07_pong_graph.vhd sub00/vhpl12 1608291308
AR m100_counter arch D:/EletronicaProgravavel/pong_game_basys2/pong_game_basys2/list_ch13_08_pong_counter.vhd sub00/vhpl17 1608291313
AR clockmanager behavioral D:/EletronicaProgravavel/pong_game_basys2/pong_game_basys2/ClockManager.vhd sub00/vhpl05 1608291301
AR pong_top arch D:/EletronicaProgravavel/pong_game_basys2/pong_game_basys2/list_ch13_10_pong_top.vhd sub00/vhpl19 1608291315
EN kb_code NULL D:/EletronicaProgravavel/Projecto_BOX/EletronicaProgramavel/two_players/kb_code.vhd sub00/vhpl10 1608291306
EN pong_text NULL D:/EletronicaProgravavel/pong_game_basys2/pong_game_basys2/list_ch13_06_pong_text.vhd sub00/vhpl08 1608291304
AR font_rom arch D:/EletronicaProgravavel/pong_game_basys2/pong_game_basys2/list_ch13_01_font_rom.vhd sub00/vhpl03 1608291299
EN font_rom NULL D:/EletronicaProgravavel/pong_game_basys2/pong_game_basys2/list_ch13_01_font_rom.vhd sub00/vhpl02 1608291298
EN m100_counter NULL D:/EletronicaProgravavel/pong_game_basys2/pong_game_basys2/list_ch13_08_pong_counter.vhd sub00/vhpl16 1608291312
AR vga_sync arch D:/EletronicaProgravavel/pong_game_basys2/pong_game_basys2/list_ch12_01_vga_sync.vhd sub00/vhpl07 1608291303
EN pong_top NULL D:/EletronicaProgravavel/pong_game_basys2/pong_game_basys2/list_ch13_10_pong_top.vhd sub00/vhpl18 1608291314
AR timer arch D:/EletronicaProgravavel/pong_game_basys2/pong_game_basys2/list_ch13_09_pong_timer.vhd sub00/vhpl15 1608291311
AR pong_graph arch D:/EletronicaProgravavel/pong_game_basys2/pong_game_basys2/list_ch13_07_pong_graph.vhd sub00/vhpl13 1608291309
AR pong_text arch D:/EletronicaProgravavel/pong_game_basys2/pong_game_basys2/list_ch13_06_pong_text.vhd sub00/vhpl09 1608291305
EN timer NULL D:/EletronicaProgravavel/pong_game_basys2/pong_game_basys2/list_ch13_09_pong_timer.vhd sub00/vhpl14 1608291310
