V3 42
FL D:/EletronicaProgravavel/thematch/ClockManager.vhd 2019/11/22.15:03:01 P.58f
EN work/clockmanager 1608493827 \
      FL D:/EletronicaProgravavel/thematch/ClockManager.vhd \
      PB ieee/std_logic_1164 1364358218 PB ieee/NUMERIC_STD 1364358223 LB UNISIM \
      PH unisim/VCOMPONENTS 1364358225
AR work/clockmanager/BEHAVIORAL 1608493828 \
      FL D:/EletronicaProgravavel/thematch/ClockManager.vhd EN work/clockmanager 1608493827 \
      CP IBUFG CP BUFG CP DCM_SP
FL D:/EletronicaProgravavel/thematch/kb_code.vhd 2020/12/20.15:37:53 P.58f
EN work/kb_code 1608493833 FL D:/EletronicaProgravavel/thematch/kb_code.vhd \
      PB ieee/std_logic_1164 1364358218 PB ieee/NUMERIC_STD 1364358223
AR work/kb_code/arch 1608493834 \
      FL D:/EletronicaProgravavel/thematch/kb_code.vhd EN work/kb_code 1608493833 \
      AR work/ps2_rx/arch 1608493824
FL D:/EletronicaProgravavel/thematch/list_ch12_01_vga_sync.vhd 2019/11/08.15:13:00 P.58f
EN work/vga_sync 1608493829 \
      FL D:/EletronicaProgravavel/thematch/list_ch12_01_vga_sync.vhd \
      PB ieee/std_logic_1164 1364358218 PB ieee/NUMERIC_STD 1364358223
AR work/vga_sync/arch 1608493830 \
      FL D:/EletronicaProgravavel/thematch/list_ch12_01_vga_sync.vhd \
      EN work/vga_sync 1608493829
FL D:/EletronicaProgravavel/thematch/list_ch13_01_font_rom.vhd 2019/11/08.12:14:08 P.58f
EN work/font_rom 1608493825 \
      FL D:/EletronicaProgravavel/thematch/list_ch13_01_font_rom.vhd \
      PB ieee/std_logic_1164 1364358218 PB ieee/NUMERIC_STD 1364358223
AR work/font_rom/arch 1608493826 \
      FL D:/EletronicaProgravavel/thematch/list_ch13_01_font_rom.vhd \
      EN work/font_rom 1608493825
FL D:/EletronicaProgravavel/thematch/list_ch13_06_pong_text.vhd 2020/12/13.16:54:18 P.58f
EN work/pong_text 1608493831 \
      FL D:/EletronicaProgravavel/thematch/list_ch13_06_pong_text.vhd \
      PB ieee/std_logic_1164 1364358218 PB ieee/NUMERIC_STD 1364358223
AR work/pong_text/arch 1608493832 \
      FL D:/EletronicaProgravavel/thematch/list_ch13_06_pong_text.vhd \
      EN work/pong_text 1608493831 CP work/font_rom
FL D:/EletronicaProgravavel/thematch/list_ch13_07_pong_graph.vhd 2020/12/20.19:50:12 P.58f
EN work/pong_graph 1608493835 \
      FL D:/EletronicaProgravavel/thematch/list_ch13_07_pong_graph.vhd \
      PB ieee/std_logic_1164 1364358218 PB ieee/NUMERIC_STD 1364358223
AR work/pong_graph/arch 1608493836 \
      FL D:/EletronicaProgravavel/thematch/list_ch13_07_pong_graph.vhd \
      EN work/pong_graph 1608493835
FL D:/EletronicaProgravavel/thematch/list_ch13_08_pong_counter.vhd 2008/01/28.16:25:20 P.58f
EN work/m100_counter 1608493839 \
      FL D:/EletronicaProgravavel/thematch/list_ch13_08_pong_counter.vhd \
      PB ieee/std_logic_1164 1364358218 PB ieee/NUMERIC_STD 1364358223
AR work/m100_counter/arch 1608493840 \
      FL D:/EletronicaProgravavel/thematch/list_ch13_08_pong_counter.vhd \
      EN work/m100_counter 1608493839
FL D:/EletronicaProgravavel/thematch/list_ch13_09_pong_timer.vhd 2019/11/08.11:54:50 P.58f
EN work/timer 1608493837 \
      FL D:/EletronicaProgravavel/thematch/list_ch13_09_pong_timer.vhd \
      PB ieee/std_logic_1164 1364358218 PB ieee/NUMERIC_STD 1364358223
AR work/timer/arch 1608493838 \
      FL D:/EletronicaProgravavel/thematch/list_ch13_09_pong_timer.vhd \
      EN work/timer 1608493837
FL D:/EletronicaProgravavel/thematch/list_ch13_10_pong_top.vhd 2020/12/17.18:20:12 P.58f
EN work/pong_top 1608493841 \
      FL D:/EletronicaProgravavel/thematch/list_ch13_10_pong_top.vhd \
      PB ieee/std_logic_1164 1364358218 PB ieee/NUMERIC_STD 1364358223
AR work/pong_top/arch 1608493842 \
      FL D:/EletronicaProgravavel/thematch/list_ch13_10_pong_top.vhd \
      EN work/pong_top 1608493841 CP work/clockmanager CP work/vga_sync \
      CP work/pong_text CP work/kb_code CP work/pong_graph CP work/timer \
      CP work/m100_counter
FL D:/EletronicaProgravavel/thematch/ps2_rx.vhd 2020/12/17.00:47:11 P.58f
EN work/ps2_rx 1608493823 FL D:/EletronicaProgravavel/thematch/ps2_rx.vhd \
      PB ieee/std_logic_1164 1364358218 PB ieee/NUMERIC_STD 1364358223
AR work/ps2_rx/arch 1608493824 \
      FL D:/EletronicaProgravavel/thematch/ps2_rx.vhd EN work/ps2_rx 1608493823
