V3 42
FL D:/EletronicaProgravavel/pong_game_basys2/pong_game_basys2/ClockManager.vhd 2019/11/22.15:03:01 P.58f
EN work/clockmanager 1608229224 \
      FL D:/EletronicaProgravavel/pong_game_basys2/pong_game_basys2/ClockManager.vhd \
      PB ieee/std_logic_1164 1364358218 PB ieee/NUMERIC_STD 1364358223 LB UNISIM \
      PH unisim/VCOMPONENTS 1364358225
AR work/clockmanager/BEHAVIORAL 1608229225 \
      FL D:/EletronicaProgravavel/pong_game_basys2/pong_game_basys2/ClockManager.vhd \
      EN work/clockmanager 1608229224 CP IBUFG CP BUFG CP DCM_SP
FL D:/EletronicaProgravavel/pong_game_basys2/pong_game_basys2/list_ch12_01_vga_sync.vhd 2019/11/08.15:13:00 P.58f
EN work/vga_sync 1608229226 \
      FL D:/EletronicaProgravavel/pong_game_basys2/pong_game_basys2/list_ch12_01_vga_sync.vhd \
      PB ieee/std_logic_1164 1364358218 PB ieee/NUMERIC_STD 1364358223
AR work/vga_sync/arch 1608229227 \
      FL D:/EletronicaProgravavel/pong_game_basys2/pong_game_basys2/list_ch12_01_vga_sync.vhd \
      EN work/vga_sync 1608229226
FL D:/EletronicaProgravavel/pong_game_basys2/pong_game_basys2/list_ch13_01_font_rom.vhd 2019/11/08.12:14:08 P.58f
EN work/font_rom 1608229222 \
      FL D:/EletronicaProgravavel/pong_game_basys2/pong_game_basys2/list_ch13_01_font_rom.vhd \
      PB ieee/std_logic_1164 1364358218 PB ieee/NUMERIC_STD 1364358223
AR work/font_rom/arch 1608229223 \
      FL D:/EletronicaProgravavel/pong_game_basys2/pong_game_basys2/list_ch13_01_font_rom.vhd \
      EN work/font_rom 1608229222
FL D:/EletronicaProgravavel/pong_game_basys2/pong_game_basys2/list_ch13_06_pong_text.vhd 2020/12/13.16:54:18 P.58f
EN work/pong_text 1608229228 \
      FL D:/EletronicaProgravavel/pong_game_basys2/pong_game_basys2/list_ch13_06_pong_text.vhd \
      PB ieee/std_logic_1164 1364358218 PB ieee/NUMERIC_STD 1364358223
AR work/pong_text/arch 1608229229 \
      FL D:/EletronicaProgravavel/pong_game_basys2/pong_game_basys2/list_ch13_06_pong_text.vhd \
      EN work/pong_text 1608229228 CP work/font_rom
FL D:/EletronicaProgravavel/pong_game_basys2/pong_game_basys2/list_ch13_07_pong_graph.vhd 2020/12/17.17:56:05 P.58f
EN work/pong_graph 1608229232 \
      FL D:/EletronicaProgravavel/pong_game_basys2/pong_game_basys2/list_ch13_07_pong_graph.vhd \
      PB ieee/std_logic_1164 1364358218 PB ieee/NUMERIC_STD 1364358223
AR work/pong_graph/arch 1608229233 \
      FL D:/EletronicaProgravavel/pong_game_basys2/pong_game_basys2/list_ch13_07_pong_graph.vhd \
      EN work/pong_graph 1608229232
FL D:/EletronicaProgravavel/pong_game_basys2/pong_game_basys2/list_ch13_08_pong_counter.vhd 2008/01/28.16:25:20 P.58f
EN work/m100_counter 1608229236 \
      FL D:/EletronicaProgravavel/pong_game_basys2/pong_game_basys2/list_ch13_08_pong_counter.vhd \
      PB ieee/std_logic_1164 1364358218 PB ieee/NUMERIC_STD 1364358223
AR work/m100_counter/arch 1608229237 \
      FL D:/EletronicaProgravavel/pong_game_basys2/pong_game_basys2/list_ch13_08_pong_counter.vhd \
      EN work/m100_counter 1608229236
FL D:/EletronicaProgravavel/pong_game_basys2/pong_game_basys2/list_ch13_09_pong_timer.vhd 2019/11/08.11:54:50 P.58f
EN work/timer 1608229234 \
      FL D:/EletronicaProgravavel/pong_game_basys2/pong_game_basys2/list_ch13_09_pong_timer.vhd \
      PB ieee/std_logic_1164 1364358218 PB ieee/NUMERIC_STD 1364358223
AR work/timer/arch 1608229235 \
      FL D:/EletronicaProgravavel/pong_game_basys2/pong_game_basys2/list_ch13_09_pong_timer.vhd \
      EN work/timer 1608229234
FL D:/EletronicaProgravavel/pong_game_basys2/pong_game_basys2/list_ch13_10_pong_top.vhd 2020/12/17.18:20:12 P.58f
EN work/pong_top 1608229238 \
      FL D:/EletronicaProgravavel/pong_game_basys2/pong_game_basys2/list_ch13_10_pong_top.vhd \
      PB ieee/std_logic_1164 1364358218 PB ieee/NUMERIC_STD 1364358223
AR work/pong_top/arch 1608229239 \
      FL D:/EletronicaProgravavel/pong_game_basys2/pong_game_basys2/list_ch13_10_pong_top.vhd \
      EN work/pong_top 1608229238 CP work/clockmanager CP work/vga_sync \
      CP work/pong_text CP work/kb_code CP work/pong_graph CP work/timer \
      CP work/m100_counter
FL D:/EletronicaProgravavel/Projecto_BOX/EletronicaProgramavel/two_players/kb_code.vhd 2020/12/17.00:53:38 P.58f
EN work/kb_code 1608229230 \
      FL D:/EletronicaProgravavel/Projecto_BOX/EletronicaProgramavel/two_players/kb_code.vhd \
      PB ieee/std_logic_1164 1364358218 PB ieee/NUMERIC_STD 1364358223
AR work/kb_code/arch 1608229231 \
      FL D:/EletronicaProgravavel/Projecto_BOX/EletronicaProgramavel/two_players/kb_code.vhd \
      EN work/kb_code 1608229230 AR work/ps2_rx/arch 1608229221
FL D:/EletronicaProgravavel/Projecto_BOX/EletronicaProgramavel/two_players/ps2_rx.vhd 2020/12/17.00:47:11 P.58f
EN work/ps2_rx 1608229220 \
      FL D:/EletronicaProgravavel/Projecto_BOX/EletronicaProgramavel/two_players/ps2_rx.vhd \
      PB ieee/std_logic_1164 1364358218 PB ieee/NUMERIC_STD 1364358223
AR work/ps2_rx/arch 1608229221 \
      FL D:/EletronicaProgravavel/Projecto_BOX/EletronicaProgramavel/two_players/ps2_rx.vhd \
      EN work/ps2_rx 1608229220
